Using workdir /private/tmp/gametime-p5-20260911/stack
Resetting local database...
Recreating database...
Initialising schema...
Seeding globals from roles.sql...
Applying migration 20260724120000_extensions_and_conventions.sql...
NOTICE (42710): extension "pgcrypto" already exists, skipping
Applying migration 20260724203000_identity_social_graph.sql...
Applying migration 20260724230000_contests_and_participants.sql...
Applying migration 20260725140000_metric_snapshots_and_attested_ingest.sql...
Applying migration 20260725190000_integrity_quarantine.sql...
Applying migration 20260725210000_source_reputation.sql...
Applying migration 20260725230000_timezone_change_consent.sql...
Applying migration 20260726010000_geofence_checkins.sql...
Applying migration 20260726020000_review_durability_and_privileges.sql...
Applying migration 20260726030000_app_attest_conformance.sql...
Applying migration 20260726040000_notification_outbox_and_scheduler.sql...
WARNING (01006): no privileges could be revoked for "jobid_seq"
WARNING (01006): no privileges could be revoked for column "tableoid" of relation "jobid_seq"
WARNING (01006): no privileges could be revoked for column "cmax" of relation "jobid_seq"
WARNING (01006): no privileges could be revoked for column "xmax" of relation "jobid_seq"
WARNING (01006): no privileges could be revoked for column "cmin" of relation "jobid_seq"
WARNING (01006): no privileges could be revoked for column "xmin" of relation "jobid_seq"
WARNING (01006): no privileges could be revoked for column "ctid" of relation "jobid_seq"
WARNING (01006): no privileges could be revoked for column "last_value" of relation "jobid_seq"
WARNING (01006): no privileges could be revoked for column "log_cnt" of relation "jobid_seq"
WARNING (01006): no privileges could be revoked for column "is_called" of relation "jobid_seq"
WARNING (01006): no privileges could be revoked for "runid_seq"
WARNING (01006): no privileges could be revoked for column "tableoid" of relation "runid_seq"
WARNING (01006): no privileges could be revoked for column "cmax" of relation "runid_seq"
WARNING (01006): no privileges could be revoked for column "xmax" of relation "runid_seq"
WARNING (01006): no privileges could be revoked for column "cmin" of relation "runid_seq"
WARNING (01006): no privileges could be revoked for column "xmin" of relation "runid_seq"
WARNING (01006): no privileges could be revoked for column "ctid" of relation "runid_seq"
WARNING (01006): no privileges could be revoked for column "last_value" of relation "runid_seq"
WARNING (01006): no privileges could be revoked for column "log_cnt" of relation "runid_seq"
WARNING (01006): no privileges could be revoked for column "is_called" of relation "runid_seq"
Applying migration 20260726050000_app_attest_receipt_verification.sql...
Applying migration 20260726055000_account_deletion_notification_event.sql...
Applying migration 20260726060000_account_deletion_foundation.sql...
WARNING (01006): no privileges could be revoked for "users"
Applying migration 20260726070000_raw_evidence_retention.sql...
Applying migration 20260726230529_fix_raw_evidence_generated_column_guard.sql...
Applying migration 20260727004703_d77_evidence_access.sql...
Applying migration 20260727030649_m8_1_live_social_loop.sql...
Applying migration 20260728231601_m8_3c_standings_results_obligations.sql...
Applying migration 20260730175310_m7_trusted_integrity_assessments.sql...
Applying migration 20260730190723_m7_d76_quarantine_review_deadlines.sql...
WARNING (01006): no privileges could be revoked for "jobid_seq"
WARNING (01006): no privileges could be revoked for column "tableoid" of relation "jobid_seq"
WARNING (01006): no privileges could be revoked for column "cmax" of relation "jobid_seq"
WARNING (01006): no privileges could be revoked for column "xmax" of relation "jobid_seq"
WARNING (01006): no privileges could be revoked for column "cmin" of relation "jobid_seq"
WARNING (01006): no privileges could be revoked for column "xmin" of relation "jobid_seq"
WARNING (01006): no privileges could be revoked for column "ctid" of relation "jobid_seq"
WARNING (01006): no privileges could be revoked for column "last_value" of relation "jobid_seq"
WARNING (01006): no privileges could be revoked for column "log_cnt" of relation "jobid_seq"
WARNING (01006): no privileges could be revoked for column "is_called" of relation "jobid_seq"
WARNING (01006): no privileges could be revoked for "runid_seq"
WARNING (01006): no privileges could be revoked for column "tableoid" of relation "runid_seq"
WARNING (01006): no privileges could be revoked for column "cmax" of relation "runid_seq"
WARNING (01006): no privileges could be revoked for column "xmax" of relation "runid_seq"
WARNING (01006): no privileges could be revoked for column "cmin" of relation "runid_seq"
WARNING (01006): no privileges could be revoked for column "xmin" of relation "runid_seq"
WARNING (01006): no privileges could be revoked for column "ctid" of relation "runid_seq"
WARNING (01006): no privileges could be revoked for column "last_value" of relation "runid_seq"
WARNING (01006): no privileges could be revoked for column "log_cnt" of relation "runid_seq"
WARNING (01006): no privileges could be revoked for column "is_called" of relation "runid_seq"
Applying migration 20260730195656_lead_loss_push_and_reactions.sql...
NOTICE (42710): extension "pg_net" already exists, skipping
NOTICE (42710): extension "supabase_vault" already exists, skipping
Applying migration 20260802165309_personal_v1_foundation_and_privacy.sql...
Applying migration 20260802165312_personal_v1_backend.sql...
Applying migration 20260803001438_solo_contract_domain.sql...
Applying migration 20260803001455_solo_contract_rpc_boundary.sql...
Applying migration 20260803014252_solo_fake_authorization_adapter.sql...
Applying migration 20260803192500_personal_custom_start_time.sql...
Applying migration 20260805131357_personal_stripe_sandbox_foundation.sql...
Applying migration 20260806143539_production_attestation_provenance.sql...
Applying migration 20260806144639_production_attestation_settlement_guards.sql...
Applying migration 20260806145058_production_diagnostic_provenance_audit.sql...
Applying migration 20260806145502_production_diagnostic_clearance_guard.sql...
Applying migration 20260806173723_personal_result_worker.sql...
Applying migration 20260807151320_personal_stripe_sandbox_beta_controls.sql...
Applying migration 20260812154757_personal_health_snapshot_v2.sql...
Applying migration 20260812183638_allow_test_only_active_challenge_cancellation.sql...
Applying migration 20260812193907_personal_start_now.sql...
Applying migration 20260812194559_account_deletion_provider_lookup.sql...
Applying migration 20260813202709_allow_stripe_sandbox_active_challenge_cancellation.sql...
Applying migration 20260904225326_duel_agreement_v1.sql...
Applying migration 20260905041315_duel_proof_review_v1.sql...
Applying migration 20260905053951_duel_lifecycle_v1.sql...
Applying migration 20260905141000_duel_native_lifecycle_projection_v1.sql...
Applying migration 20260905150210_duel_rematch_links_v1.sql...
Applying migration 20260905180726_performance_commitment_agreement_v1.sql...
Applying migration 20260905194725_performance_attempts_v1.sql...
Applying migration 20260905204838_performance_progress_v1.sql...
Applying migration 20260905214826_checkpoint_proof_and_session_boundaries.sql...
Applying migration 20260905230148_performance_following_v1.sql...
Applying migration 20260906000818_performance_lifecycle_v1.sql...
Applying migration 20260906053958_weekly_local_v1.sql...
Applying migration 20260906062952_weekly_display_sharing_v1.sql...
Applying migration 20260906065002_weekly_sharing_expiry_v1.sql...
Applying migration 20260906070927_weekly_progress_absence_v1.sql...
Applying migration 20260908042918_challenge_steps_contract_v1.sql...
Applying migration 20260908043438_challenge_steps_lifecycle_v1.sql...
Applying migration 20260908044558_challenge_request_recovery_v1.sql...
Applying migration 20260908050105_challenge_policy_matrix_v1.sql...
Applying migration 20260908050701_challenge_community_entry_v1.sql...
Applying migration 20260908050901_challenge_access_links_safety_v1.sql...
Applying migration 20260908051945_challenge_contract_hardening_v1.sql...
Applying migration 20260908052202_challenge_native_commands_v1.sql...
Applying migration 20260908053125_challenge_projection_details_v1.sql...
Applying migration 20260908053941_challenge_entrant_rejection_v1.sql...
Applying migration 20260908054225_challenge_home_sections_v1.sql...
Applying migration 20260908062409_challenge_operations_v1.sql...
Applying migration 20260908071000_challenge_review_context_v1.sql...
Applying migration 20260908075000_challenge_reopened_projection_v1.sql...
Applying migration 20260908115825_challenge_reopened_draft_lifecycle_v1.sql...
Applying migration 20260908120135_challenge_participation_privacy_v1.sql...
Applying migration 20260909123228_challenge_session_lock_expiry_v1.sql...
Applying migration 20260911143019_challenge_scoped_locks_bounded_claims_v1.sql...
Applying migration 20260911224043_challenge_durable_claims_and_read_locks_v1.sql...
Applying migration 20260911235041_challenge_bounded_queries_v1.sql...
Restarting containers...
Finished supabase db reset on branch main.
A new version of Supabase CLI is available: v2.117.0 (currently installed v2.109.1)
We recommend updating regularly for new features and bug fixes: https://supabase.com/docs/guides/cli/getting-started#updating-the-supabase-cli
