ok 1 - app.account_capabilities old rows preserved
ok 2 - app.account_deletion_participant_events old rows preserved
ok 3 - app.account_deletion_secrets old rows preserved
ok 4 - app.account_deletion_transactions old rows preserved
ok 5 - app.active_profile_auth_bindings old rows preserved
ok 6 - app.challenge_access_v1 old rows preserved
ok 7 - app.challenge_age_v1 old rows preserved
ok 8 - app.challenge_agreements_v1 old rows preserved
ok 9 - app.challenge_consents_v1 old rows preserved
ok 10 - app.challenge_exits_v1 old rows preserved
ok 11 - app.challenge_facts_v1 old rows preserved
ok 12 - app.challenge_finals_v1 old rows preserved
ok 13 - app.challenge_links_v1 old rows preserved
ok 14 - app.challenge_lobbies_v1 old rows preserved
ok 15 - app.challenge_members_v1 old rows preserved
ok 16 - app.challenge_notices_v1 old rows preserved
ok 17 - app.challenge_operator_audit_v1 old rows preserved
ok 18 - app.challenge_operator_grants_v1 old rows preserved
ok 19 - app.challenge_pages_v1 old rows preserved
ok 20 - app.challenge_readiness_v1 old rows preserved
ok 21 - app.challenge_redemptions_v1 old rows preserved
ok 22 - app.challenge_reports_v1 old rows preserved
ok 23 - app.challenge_requests_v1 old rows preserved
ok 24 - app.challenge_resolutions_v1 old rows preserved
ok 25 - app.challenge_reviews_v1 old rows preserved
ok 26 - app.challenge_runtime_v1 old rows preserved
ok 27 - app.challenge_slots_v1 old rows preserved
ok 28 - app.challenge_suspensions_v1 old rows preserved
ok 29 - app.challenge_worker_runs_v1 old rows preserved
ok 30 - app.contest_creation_requests old rows preserved
ok 31 - app.contest_integrity_assessments old rows preserved
ok 32 - app.device_attestation_receipts old rows preserved
ok 33 - app.device_receipt_retention_summaries old rows preserved
ok 34 - app.duel_beta_allowlist old rows preserved
ok 35 - app.duel_enrollments old rows preserved
ok 36 - app.duel_invitation_links old rows preserved
ok 37 - app.duel_lifecycle_activations old rows preserved
ok 38 - app.duel_lifecycle_cases old rows preserved
ok 39 - app.duel_lifecycle_closures old rows preserved
ok 40 - app.duel_lifecycle_gate_events old rows preserved
ok 41 - app.duel_lifecycle_notices old rows preserved
ok 42 - app.duel_lifecycle_resolutions old rows preserved
ok 43 - app.duel_lifecycle_results old rows preserved
ok 44 - app.duel_lifecycle_runtime old rows preserved
ok 45 - app.duel_lifecycle_settlements old rows preserved
ok 46 - app.duel_lifecycle_support old rows preserved
ok 47 - app.duel_proof_access_audit old rows preserved
ok 48 - app.duel_proof_grants old rows preserved
ok 49 - app.duel_proof_revisions old rows preserved
ok 50 - app.duel_proof_runtime old rows preserved
ok 51 - app.duel_proof_sources old rows preserved
ok 52 - app.duel_rematches old rows preserved
ok 53 - app.duel_requests old rows preserved
ok 54 - app.duel_runtime old rows preserved
ok 55 - app.evidence_quarantine_adjudication_events old rows preserved
ok 56 - app.evidence_quarantine_adjudications old rows preserved
ok 57 - app.performance_attempt_audit old rows preserved
ok 58 - app.performance_attempt_confirmations old rows preserved
ok 59 - app.performance_attempt_events old rows preserved
ok 60 - app.performance_attempt_grants old rows preserved
ok 61 - app.performance_attempt_nominations old rows preserved
ok 62 - app.performance_attempt_requests old rows preserved
ok 63 - app.performance_attempt_retention old rows preserved
ok 64 - app.performance_attempt_revisions old rows preserved
ok 65 - app.performance_attempt_runtime old rows preserved
ok 66 - app.performance_attempt_sources old rows preserved
ok 67 - app.performance_commitment_agreements old rows preserved
ok 68 - app.performance_commitment_beta_allowlist old rows preserved
ok 69 - app.performance_commitment_consents old rows preserved
ok 70 - app.performance_commitment_enrollments old rows preserved
ok 71 - app.performance_commitment_policy_versions old rows preserved
ok 72 - app.performance_commitment_requests old rows preserved
ok 73 - app.performance_commitment_runtime old rows preserved
ok 74 - app.performance_following_audit old rows preserved
ok 75 - app.performance_following_cases old rows preserved
ok 76 - app.performance_following_content old rows preserved
ok 77 - app.performance_following_grants old rows preserved
ok 78 - app.performance_following_publications old rows preserved
ok 79 - app.performance_following_reactions old rows preserved
ok 80 - app.performance_following_requests old rows preserved
ok 81 - app.performance_following_retention old rows preserved
ok 82 - app.performance_following_runtime old rows preserved
ok 83 - app.performance_following_support_grants old rows preserved
ok 84 - app.performance_lifecycle_activations old rows preserved
ok 85 - app.performance_lifecycle_audit old rows preserved
ok 86 - app.performance_lifecycle_cases old rows preserved
ok 87 - app.performance_lifecycle_grants old rows preserved
ok 88 - app.performance_lifecycle_notices old rows preserved
ok 89 - app.performance_lifecycle_requests old rows preserved
ok 90 - app.performance_lifecycle_resolutions old rows preserved
ok 91 - app.performance_lifecycle_results old rows preserved
ok 92 - app.performance_lifecycle_retention old rows preserved
ok 93 - app.performance_lifecycle_runtime old rows preserved
ok 94 - app.performance_lifecycle_settlements old rows preserved
ok 95 - app.performance_lifecycle_support old rows preserved
ok 96 - app.performance_progress_audit old rows preserved
ok 97 - app.performance_progress_entries old rows preserved
ok 98 - app.performance_progress_milestones old rows preserved
ok 99 - app.performance_progress_requests old rows preserved
ok 100 - app.performance_progress_retention old rows preserved
ok 101 - app.performance_progress_runtime old rows preserved
ok 102 - app.personal_challenge_cancellation_requests old rows preserved
ok 103 - app.personal_challenge_creation_requests old rows preserved
ok 104 - app.personal_evidence_assessments old rows preserved
ok 105 - app.personal_health_cutover_requests_v2 old rows preserved
ok 106 - app.personal_health_snapshots_v2 old rows preserved
ok 107 - app.personal_quarantine_resolutions old rows preserved
ok 108 - app.personal_result_worker_attempts old rows preserved
ok 109 - app.personal_stripe_sandbox_agreements old rows preserved
ok 110 - app.personal_stripe_sandbox_beta_eligibility old rows preserved
ok 111 - app.personal_stripe_sandbox_charge_commands old rows preserved
ok 112 - app.personal_stripe_sandbox_control_requests old rows preserved
ok 113 - app.personal_stripe_sandbox_customers old rows preserved
ok 114 - app.personal_stripe_sandbox_payment_reviews old rows preserved
ok 115 - app.personal_stripe_sandbox_runtime old rows preserved
ok 116 - app.personal_stripe_sandbox_setups old rows preserved
ok 117 - app.personal_stripe_sandbox_webhook_receipts old rows preserved
ok 118 - app.profile_handle_claims old rows preserved
ok 119 - app.raw_evidence_retention_events old rows preserved
ok 120 - app.raw_evidence_retention_rules old rows preserved
ok 121 - app.retention_holds old rows preserved
ok 122 - app.retention_policy_versions old rows preserved
ok 123 - app.solo_authorization_events old rows preserved
ok 124 - app.solo_authorizations old rows preserved
ok 125 - app.solo_beta_eligibility old rows preserved
ok 126 - app.solo_contract_policy_versions old rows preserved
ok 127 - app.solo_contract_runtime old rows preserved
ok 128 - app.solo_rpc_requests old rows preserved
ok 129 - app.weekly_agreements old rows preserved
ok 130 - app.weekly_allocations old rows preserved
ok 131 - app.weekly_cases old rows preserved
ok 132 - app.weekly_exits old rows preserved
ok 133 - app.weekly_notices old rows preserved
ok 134 - app.weekly_participants old rows preserved
ok 135 - app.weekly_pauses old rows preserved
ok 136 - app.weekly_pilot_consents old rows preserved
ok 137 - app.weekly_pilot_events old rows preserved
ok 138 - app.weekly_progress old rows preserved
ok 139 - app.weekly_requests old rows preserved
ok 140 - app.weekly_resolutions old rows preserved
ok 141 - app.weekly_results old rows preserved
ok 142 - app.weekly_revisions old rows preserved
ok 143 - app.weekly_runtime old rows preserved
ok 144 - app.weekly_sharing old rows preserved
ok 145 - app.weekly_support old rows preserved
ok 146 - app.workflow_scope_actors old rows preserved
ok 147 - app.workflow_scopes old rows preserved
ok 148 - public.blocks old rows preserved
ok 149 - public.charities old rows preserved
ok 150 - public.contest_geofences old rows preserved
ok 151 - public.contest_participants old rows preserved
ok 152 - public.contest_results old rows preserved
ok 153 - public.contest_standing_entries old rows preserved
ok 154 - public.contest_standing_snapshots old rows preserved
ok 155 - public.contest_standings_reactions old rows preserved
ok 156 - public.contests old rows preserved
ok 157 - public.device_attestations old rows preserved
ok 158 - public.donation_obligations old rows preserved
ok 159 - public.duel_challenges old rows preserved
ok 160 - public.duel_event_fixtures old rows preserved
ok 161 - public.duel_participants old rows preserved
ok 162 - public.duel_policy_versions old rows preserved
ok 163 - public.evidence_quarantine_reviews old rows preserved
ok 164 - public.evidence_quarantines old rows preserved
ok 165 - public.friendships old rows preserved
ok 166 - public.geofence_checkins old rows preserved
ok 167 - public.geofence_location_observations old rows preserved
ok 168 - public.group_members old rows preserved
ok 169 - public.groups old rows preserved
ok 170 - public.ingest_batches old rows preserved
ok 171 - public.metric_snapshots old rows preserved
ok 172 - public.notification_intents old rows preserved
ok 173 - public.personal_challenge_results old rows preserved
ok 174 - public.personal_challenge_terms old rows preserved
ok 175 - public.personal_eligibility_holds old rows preserved
ok 176 - public.personal_sync_coverage_batches old rows preserved
ok 177 - public.personal_sync_coverage_buckets old rows preserved
ok 178 - public.personal_trusted_diagnostics old rows preserved
ok 179 - public.profiles old rows preserved
ok 180 - public.push_device_tokens old rows preserved
ok 181 - public.push_notification_deliveries old rows preserved
ok 182 - public.solo_appeals old rows preserved
ok 183 - public.solo_contracts old rows preserved
ok 184 - public.solo_evaluations old rows preserved
ok 185 - public.timezone_change_applied_events old rows preserved
ok 186 - public.timezone_change_requests old rows preserved
ok 187 - public.timezone_change_reviews old rows preserved
ok 188 - every old challenge has a durable coordination row
ok 189 - historical weekly agreements existed before upgrade
ok 190 - accepted Beta agreements existed before upgrade
ok 191 - old batch receipt still returns exact content
ok 192 - pre-upgrade failures stay visible
ok 193 - old cancelled rows are excluded from new discovery
1..193
