000_harness.test.sql PASS 9
010_identity.test.sql PASS 40
020_friendships.test.sql PASS 30
030_groups.test.sql PASS 42
040_blocks.test.sql PASS 25
050_charities.test.sql PASS 19
060_contests.test.sql PASS 52
070_invitations.test.sql PASS 26
080_participant_lifecycle.test.sql PASS 37
090_device_attestations.test.sql PASS 61
100_metric_snapshots.test.sql PASS 28
110_attested_ingest.test.sql PASS 47
120_integrity_quarantine.test.sql PASS 36
130_source_reputation.test.sql PASS 23
140_timezone_change_consent.test.sql PASS 69
150_geofence_checkins.test.sql PASS 60
160_notification_outbox_scheduler.test.sql PASS 58
170_account_deletion.test.sql PASS 71
171_account_deletion_provider_lookup.test.sql PASS 8
180_d77_evidence_access.test.sql PASS 47
190_m8_1_live_social_loop.test.sql PASS 44
210_m8_3c_standings_results_obligations.test.sql PASS 48
220_account_deletion_concurrency.test.sql PASS 57
230_m7_trusted_integrity_assessments.test.sql PASS 62
240_m7_integrity_assessment_concurrency.test.sql PASS 13
250_m7_d76_quarantine_deadlines.test.sql PASS 67
260_m7_d76_concurrency.test.sql PASS 33
270_lead_loss_push_reactions.test.sql PASS 38
280_personal_v1_foundation_privacy.test.sql PASS 44
290_personal_v1_lifecycle_scoring.test.sql PASS 34
300_personal_v1_acceptance_matrix.test.sql PASS 17
310_personal_v1_creation_concurrency.test.sql PASS 17
320_personal_v1_evidence_retention_isolation.test.sql PASS 39
330_solo_contract_domain.test.sql PASS 64
340_solo_contract_lifecycle_appeals.test.sql PASS 57
350_solo_contract_concurrency.test.sql PASS 35
360_solo_fake_authorization_domain.test.sql PASS 90
370_solo_fake_authorization_lifecycle.test.sql PASS 37
380_solo_fake_authorization_concurrency.test.sql PASS 41
390_personal_custom_start_time.test.sql PASS 21
400_personal_stripe_sandbox_domain.test.sql PASS 25
410_personal_stripe_sandbox_lifecycle.test.sql PASS 26
411_personal_stripe_sandbox_beta_controls.test.sql PASS 56
412_personal_stripe_sandbox_beta_controls_concurrency.test.sql PASS 21
420_production_attestation_provenance.test.sql PASS 32
430_personal_result_worker.test.sql PASS 17
431_personal_result_worker_concurrency.test.sql PASS 11
440_personal_health_snapshot_v2.test.sql PASS 37
441_personal_health_snapshot_v2_concurrency.test.sql PASS 25
450_personal_sandbox_active_cancellation.test.sql PASS 14
460_duel_agreement.test.sql PASS 117
461_duel_agreement_concurrency.test.sql PASS 59
462_duel_proof.test.sql PASS 210
463_duel_proof_concurrency.test.sql PASS 44
464_duel_lifecycle.test.sql PASS 220
465_duel_lifecycle_concurrency.test.sql PASS 22
466_duel_native_projection.test.sql PASS 27
467_duel_rematch_links.test.sql PASS 36
468_duel_rematch_links_concurrency.test.sql PASS 15
469_performance_commitment_agreement.test.sql PASS 91
470_performance_commitment_concurrency.test.sql PASS 22
471_performance_attempts.test.sql PASS 75
472_performance_attempts_concurrency.test.sql PASS 20
473_performance_progress.test.sql PASS 115
474_performance_progress_concurrency.test.sql PASS 22
475_performance_following.test.sql PASS 180
476_performance_following_concurrency.test.sql PASS 36
477_performance_lifecycle.test.sql PASS 164
478_performance_lifecycle_concurrency.test.sql PASS 48
480_weekly_backend.test.sql PASS 77
481_weekly_concurrency.test.sql PASS 25
482_weekly_sharing.test.sql PASS 41
490_challenge_steps.test.sql PASS 30
491_challenge_boundaries.test.sql PASS 18
492_challenge_matrix.test.sql PASS 50
493_challenge_entry.test.sql PASS 42
494_challenge_safety.test.sql PASS 22
495_challenge_policy_recovery.test.sql PASS 48
496_challenge_sections.test.sql PASS 14
497_challenge_operations.test.sql PASS 19
498_challenge_admission_context.test.sql PASS 13
499_challenge_reconsent_projection.test.sql PASS 8
500_challenge_reopened_draft_lifecycle.test.sql PASS 28
501_challenge_participation_privacy.test.sql PASS 14
502_challenge_session_lock_expiry.test.sql PASS 13
503_challenge_scoped_locks_claims.test.sql PASS 23
504_challenge_durable_claims.test.sql PASS 40
505_challenge_bounded_queries.test.sql PASS 40
506_challenge_private_community.test.sql PASS 48
507_challenge_community_guards.test.sql PASS 18
508_challenge_community_progress.test.sql PASS 9
{
  "files": 91,
  "assertions": 4073,
  "failures": [],
  "skips": 0
}
