ok 1 - app.account_capabilities original bytes preserved
ok 2 - app.account_deletion_participant_events original bytes preserved
ok 3 - app.account_deletion_secrets original bytes preserved
ok 4 - app.account_deletion_transactions original bytes preserved
ok 5 - app.active_profile_auth_bindings original bytes preserved
ok 6 - app.challenge_access_v1 original bytes preserved
ok 7 - app.challenge_age_v1 original bytes preserved
ok 8 - app.challenge_agreements_v1 original bytes preserved
ok 9 - app.challenge_consents_v1 original bytes preserved
ok 10 - app.challenge_exits_v1 original bytes preserved
ok 11 - app.challenge_facts_v1 original bytes preserved
ok 12 - app.challenge_finals_v1 original bytes preserved
ok 13 - app.challenge_history_revisions_v1 original bytes preserved
ok 14 - app.challenge_history_v1 original bytes preserved
ok 15 - app.challenge_links_v1 original bytes preserved
ok 16 - app.challenge_lobbies_v1 original bytes preserved
ok 17 - app.challenge_members_v1 original bytes preserved
ok 18 - app.challenge_notices_v1 original bytes preserved
ok 19 - app.challenge_operator_audit_v1 original bytes preserved
ok 20 - app.challenge_operator_grants_v1 original bytes preserved
ok 21 - app.challenge_pages_v1 original bytes preserved
ok 22 - app.challenge_readiness_v1 original bytes preserved
ok 23 - app.challenge_redemptions_v1 original bytes preserved
ok 24 - app.challenge_reports_v1 original bytes preserved
ok 25 - app.challenge_requests_v1 original bytes preserved
ok 26 - app.challenge_resolutions_v1 original bytes preserved
ok 27 - app.challenge_reviews_v1 original bytes preserved
ok 28 - app.challenge_runtime_v1 original bytes preserved
ok 29 - app.challenge_slots_v1 original bytes preserved
ok 30 - app.challenge_suspensions_v1 original bytes preserved
ok 31 - app.challenge_work_claims_v1 original bytes preserved
ok 32 - app.challenge_worker_runs_v1 original bytes preserved
ok 33 - app.contest_creation_requests original bytes preserved
ok 34 - app.contest_integrity_assessments original bytes preserved
ok 35 - app.device_attestation_receipts original bytes preserved
ok 36 - app.device_receipt_retention_summaries original bytes preserved
ok 37 - app.duel_beta_allowlist original bytes preserved
ok 38 - app.duel_enrollments original bytes preserved
ok 39 - app.duel_invitation_links original bytes preserved
ok 40 - app.duel_lifecycle_activations original bytes preserved
ok 41 - app.duel_lifecycle_cases original bytes preserved
ok 42 - app.duel_lifecycle_closures original bytes preserved
ok 43 - app.duel_lifecycle_gate_events original bytes preserved
ok 44 - app.duel_lifecycle_notices original bytes preserved
ok 45 - app.duel_lifecycle_resolutions original bytes preserved
ok 46 - app.duel_lifecycle_results original bytes preserved
ok 47 - app.duel_lifecycle_runtime original bytes preserved
ok 48 - app.duel_lifecycle_settlements original bytes preserved
ok 49 - app.duel_lifecycle_support original bytes preserved
ok 50 - app.duel_proof_access_audit original bytes preserved
ok 51 - app.duel_proof_grants original bytes preserved
ok 52 - app.duel_proof_revisions original bytes preserved
ok 53 - app.duel_proof_runtime original bytes preserved
ok 54 - app.duel_proof_sources original bytes preserved
ok 55 - app.duel_rematches original bytes preserved
ok 56 - app.duel_requests original bytes preserved
ok 57 - app.duel_runtime original bytes preserved
ok 58 - app.evidence_quarantine_adjudication_events original bytes preserved
ok 59 - app.evidence_quarantine_adjudications original bytes preserved
ok 60 - app.performance_attempt_audit original bytes preserved
ok 61 - app.performance_attempt_confirmations original bytes preserved
ok 62 - app.performance_attempt_events original bytes preserved
ok 63 - app.performance_attempt_grants original bytes preserved
ok 64 - app.performance_attempt_nominations original bytes preserved
ok 65 - app.performance_attempt_requests original bytes preserved
ok 66 - app.performance_attempt_retention original bytes preserved
ok 67 - app.performance_attempt_revisions original bytes preserved
ok 68 - app.performance_attempt_runtime original bytes preserved
ok 69 - app.performance_attempt_sources original bytes preserved
ok 70 - app.performance_commitment_agreements original bytes preserved
ok 71 - app.performance_commitment_beta_allowlist original bytes preserved
ok 72 - app.performance_commitment_consents original bytes preserved
ok 73 - app.performance_commitment_enrollments original bytes preserved
ok 74 - app.performance_commitment_policy_versions original bytes preserved
ok 75 - app.performance_commitment_requests original bytes preserved
ok 76 - app.performance_commitment_runtime original bytes preserved
ok 77 - app.performance_following_audit original bytes preserved
ok 78 - app.performance_following_cases original bytes preserved
ok 79 - app.performance_following_content original bytes preserved
ok 80 - app.performance_following_grants original bytes preserved
ok 81 - app.performance_following_publications original bytes preserved
ok 82 - app.performance_following_reactions original bytes preserved
ok 83 - app.performance_following_requests original bytes preserved
ok 84 - app.performance_following_retention original bytes preserved
ok 85 - app.performance_following_runtime original bytes preserved
ok 86 - app.performance_following_support_grants original bytes preserved
ok 87 - app.performance_lifecycle_activations original bytes preserved
ok 88 - app.performance_lifecycle_audit original bytes preserved
ok 89 - app.performance_lifecycle_cases original bytes preserved
ok 90 - app.performance_lifecycle_grants original bytes preserved
ok 91 - app.performance_lifecycle_notices original bytes preserved
ok 92 - app.performance_lifecycle_requests original bytes preserved
ok 93 - app.performance_lifecycle_resolutions original bytes preserved
ok 94 - app.performance_lifecycle_results original bytes preserved
ok 95 - app.performance_lifecycle_retention original bytes preserved
ok 96 - app.performance_lifecycle_runtime original bytes preserved
ok 97 - app.performance_lifecycle_settlements original bytes preserved
ok 98 - app.performance_lifecycle_support original bytes preserved
ok 99 - app.performance_progress_audit original bytes preserved
ok 100 - app.performance_progress_entries original bytes preserved
ok 101 - app.performance_progress_milestones original bytes preserved
ok 102 - app.performance_progress_requests original bytes preserved
ok 103 - app.performance_progress_retention original bytes preserved
ok 104 - app.performance_progress_runtime original bytes preserved
ok 105 - app.personal_challenge_cancellation_requests original bytes preserved
ok 106 - app.personal_challenge_creation_requests original bytes preserved
ok 107 - app.personal_evidence_assessments original bytes preserved
ok 108 - app.personal_health_cutover_requests_v2 original bytes preserved
ok 109 - app.personal_health_snapshots_v2 original bytes preserved
ok 110 - app.personal_quarantine_resolutions original bytes preserved
ok 111 - app.personal_result_worker_attempts original bytes preserved
ok 112 - app.personal_stripe_sandbox_agreements original bytes preserved
ok 113 - app.personal_stripe_sandbox_beta_eligibility original bytes preserved
ok 114 - app.personal_stripe_sandbox_charge_commands original bytes preserved
ok 115 - app.personal_stripe_sandbox_control_requests original bytes preserved
ok 116 - app.personal_stripe_sandbox_customers original bytes preserved
ok 117 - app.personal_stripe_sandbox_payment_reviews original bytes preserved
ok 118 - app.personal_stripe_sandbox_runtime original bytes preserved
ok 119 - app.personal_stripe_sandbox_setups original bytes preserved
ok 120 - app.personal_stripe_sandbox_webhook_receipts original bytes preserved
ok 121 - app.profile_handle_claims original bytes preserved
ok 122 - app.raw_evidence_retention_events original bytes preserved
ok 123 - app.raw_evidence_retention_rules original bytes preserved
ok 124 - app.retention_holds original bytes preserved
ok 125 - app.retention_policy_versions original bytes preserved
ok 126 - app.solo_authorization_events original bytes preserved
ok 127 - app.solo_authorizations original bytes preserved
ok 128 - app.solo_beta_eligibility original bytes preserved
ok 129 - app.solo_contract_policy_versions original bytes preserved
ok 130 - app.solo_contract_runtime original bytes preserved
ok 131 - app.solo_rpc_requests original bytes preserved
ok 132 - app.weekly_agreements original bytes preserved
ok 133 - app.weekly_allocations original bytes preserved
ok 134 - app.weekly_cases original bytes preserved
ok 135 - app.weekly_exits original bytes preserved
ok 136 - app.weekly_notices original bytes preserved
ok 137 - app.weekly_participants original bytes preserved
ok 138 - app.weekly_pauses original bytes preserved
ok 139 - app.weekly_pilot_consents original bytes preserved
ok 140 - app.weekly_pilot_events original bytes preserved
ok 141 - app.weekly_progress original bytes preserved
ok 142 - app.weekly_requests original bytes preserved
ok 143 - app.weekly_resolutions original bytes preserved
ok 144 - app.weekly_results original bytes preserved
ok 145 - app.weekly_revisions original bytes preserved
ok 146 - app.weekly_runtime original bytes preserved
ok 147 - app.weekly_sharing original bytes preserved
ok 148 - app.weekly_support original bytes preserved
ok 149 - app.workflow_scope_actors original bytes preserved
ok 150 - app.workflow_scopes original bytes preserved
ok 151 - public.blocks original bytes preserved
ok 152 - public.charities original bytes preserved
ok 153 - public.contest_geofences original bytes preserved
ok 154 - public.contest_participants original bytes preserved
ok 155 - public.contest_results original bytes preserved
ok 156 - public.contest_standing_entries original bytes preserved
ok 157 - public.contest_standing_snapshots original bytes preserved
ok 158 - public.contest_standings_reactions original bytes preserved
ok 159 - public.contests original bytes preserved
ok 160 - public.device_attestations original bytes preserved
ok 161 - public.donation_obligations original bytes preserved
ok 162 - public.duel_challenges original bytes preserved
ok 163 - public.duel_event_fixtures original bytes preserved
ok 164 - public.duel_participants original bytes preserved
ok 165 - public.duel_policy_versions original bytes preserved
ok 166 - public.evidence_quarantine_reviews original bytes preserved
ok 167 - public.evidence_quarantines original bytes preserved
ok 168 - public.friendships original bytes preserved
ok 169 - public.geofence_checkins original bytes preserved
ok 170 - public.geofence_location_observations original bytes preserved
ok 171 - public.group_members original bytes preserved
ok 172 - public.groups original bytes preserved
ok 173 - public.ingest_batches original bytes preserved
ok 174 - public.metric_snapshots original bytes preserved
ok 175 - public.notification_intents original bytes preserved
ok 176 - public.personal_challenge_results original bytes preserved
ok 177 - public.personal_challenge_terms original bytes preserved
ok 178 - public.personal_eligibility_holds original bytes preserved
ok 179 - public.personal_sync_coverage_batches original bytes preserved
ok 180 - public.personal_sync_coverage_buckets original bytes preserved
ok 181 - public.personal_trusted_diagnostics original bytes preserved
ok 182 - public.profiles original bytes preserved
ok 183 - public.push_device_tokens original bytes preserved
ok 184 - public.push_notification_deliveries original bytes preserved
ok 185 - public.solo_appeals original bytes preserved
ok 186 - public.solo_contracts original bytes preserved
ok 187 - public.solo_evaluations original bytes preserved
ok 188 - public.timezone_change_applied_events original bytes preserved
ok 189 - public.timezone_change_requests original bytes preserved
ok 190 - public.timezone_change_reviews original bytes preserved
ok 191 - historical weekly agreement present
ok 192 - old community capacity backfilled
ok 193 - own revision metadata backfilled
ok 194 - old report not assigned invented challenge scope
bf000000-0000-0000-0000-000000000011
{"sub":"bf000000-0000-0000-0000-000000000011","session_id":"ba000000-0000-0000-0000-000000000011"}
ok 195 - old community now obeys threshold privacy
ok 196 - old receipt revision masked
bf000000-0000-0000-0000-000000000020
{"sub":"bf000000-0000-0000-0000-000000000020","session_id":"ba000000-0000-0000-0000-000000000020"}
ok 197 - P5 cursor still resumes across migration
1..197
